// Jest Snapshot v1, https://goo.gl/fbAQLP

exports[`Snapshot test for the Horse component renders a snapshot 1`] = `
<div
  className="Horse"
  style={
    Object {
      "paddingLeft": "0px",
    }
  }
>
  <img
    height="100px"
    src="https://avatars2.githubusercontent.com/u/1482046?v=4"
  />
</div>
`;
