// Jest Snapshot v1, https://goo.gl/fbAQLP

exports[`Snapshot test for the Controls component renders a snapshot 1`] = `
<div
  className="Controls"
>
  <button
    disabled={true}
    onClick={undefined}
    type="button"
  >
    Start
  </button>
  <button
    disabled={undefined}
    onClick={undefined}
    type="button"
  >
    Reset
  </button>
</div>
`;
